#
# There is insufficient memory for the Java Runtime Environment to continue.
# Native memory allocation (mmap) failed to map 398458880 bytes for G1 virtual space
# Possible reasons:
#   The system is out of physical RAM or swap space
#   The process is running with CompressedOops enabled, and the Java Heap may be blocking the growth of the native heap
# Possible solutions:
#   Reduce memory load on the system
#   Increase physical memory or swap space
#   Check if swap backing store is full
#   Decrease Java heap size (-Xmx/-Xms)
#   Decrease number of Java threads
#   Decrease Java thread stack sizes (-Xss)
#   Set larger code cache with -XX:ReservedCodeCacheSize=
#   JVM is running with Zero Based Compressed Oops mode in which the Java heap is
#     placed in the first 32GB address space. The Java Heap base address is the
#     maximum limit for the native heap growth. Please use -XX:HeapBaseMinAddress
#     to set the Java Heap base and to place the Java Heap above 32GB virtual address.
# This output file may be truncated or incomplete.
#
#  Out of Memory Error (os_windows.cpp:3530), pid=19804, tid=6328
#
# JRE version:  (18.0.2.1+1) (build )
# Java VM: Java HotSpot(TM) 64-Bit Server VM (18.0.2.1+1-1, mixed mode, sharing, tiered, compressed oops, compressed class ptrs, g1 gc, windows-amd64)
# No core dump will be written. Minidumps are not enabled by default on client versions of Windows
#

---------------  S U M M A R Y ------------

Command Line: C:\Users\Junior\AppData\Local\Temp\surefire6486912124435247524\surefirebooter-20251026124133545_3.jar C:\Users\Junior\AppData\Local\Temp\surefire6486912124435247524 2025-10-26T12-41-33_282-jvmRun1 surefire-20251026124133545_1tmp surefire_0-20251026124133545_2tmp

Host: 12th Gen Intel(R) Core(TM) i5-12450H, 12 cores, 23G,  Windows 11 , 64 bit Build 26100 (10.0.26100.6725)
Time: Sun Oct 26 12:41:33 2025 Hora est. Pacífico, Sudamérica elapsed time: 0.015386 seconds (0d 0h 0m 0s)

---------------  T H R E A D  ---------------

Current thread (0x0000020c950662e0):  JavaThread "Unknown thread" [_thread_in_vm, id=6328, stack(0x0000002623300000,0x0000002623400000)]

Stack: [0x0000002623300000,0x0000002623400000]
Native frames: (J=compiled Java code, j=interpreted, Vv=VM code, C=native code)
V  [jvm.dll+0x6993aa]
V  [jvm.dll+0x7f46dd]
V  [jvm.dll+0x7f5fee]
V  [jvm.dll+0x7f66a3]
V  [jvm.dll+0x25cf1f]
V  [jvm.dll+0x6962f9]
V  [jvm.dll+0x68ae2a]
V  [jvm.dll+0x32255b]
V  [jvm.dll+0x329f36]
V  [jvm.dll+0x37eade]
V  [jvm.dll+0x37ed0f]
V  [jvm.dll+0x2fa2da]
V  [jvm.dll+0x2fb33d]
V  [jvm.dll+0x7c3310]
V  [jvm.dll+0x38be61]
V  [jvm.dll+0x7a2023]
V  [jvm.dll+0x40dc3f]
V  [jvm.dll+0x40f611]
C  [jli.dll+0x526b]
C  [ucrtbase.dll+0x37b0]
C  [KERNEL32.DLL+0x2e8d7]
C  [ntdll.dll+0x8c53c]


---------------  P R O C E S S  ---------------

Threads class SMR info:
_java_thread_list=0x00007ffea506e550, length=0, elements={
}

Java Threads: ( => current thread )

Other Threads:
  0x0000020c950f4af0 WorkerThread "GC Thread#0" [stack: 0x0000002623400000,0x0000002623500000] [id=10184]
  0x0000020c951017a0 ConcurrentGCThread "G1 Main Marker" [stack: 0x0000002623500000,0x0000002623600000] [id=18932]
  0x0000020c95104260 WorkerThread "G1 Conc#0" [stack: 0x0000002623600000,0x0000002623700000] [id=25444]

[error occurred during error reporting (printing all threads), id 0xc0000005, EXCEPTION_ACCESS_VIOLATION (0xc0000005) at pc=0x00007ffea489a877]

VM state: not at safepoint (not fully initialized)

VM Mutex/Monitor currently owned by a thread:  ([mutex/lock_event])
[0x0000020c95064d10] Heap_lock - owner thread: 0x0000020c950662e0

Heap address: 0x0000000685c00000, size: 6052 MB, Compressed Oops mode: Zero based, Oop shift amount: 3

CDS archive(s) mapped at: [0x0000000000000000-0x0000000000000000-0x0000000000000000), size 0, SharedBaseAddress: 0x0000000800000000, ArchiveRelocationMode: 0.
Narrow klass base: 0x0000000000000000, Narrow klass shift: 0, Narrow klass range: 0x0

GC Precious Log:
 CardTable entry size: 512
 Card Set container configuration: InlinePtr #cards 4 size 8 Array Of Cards #cards 32 size 80 Howl #buckets 8 coarsen threshold 7372 Howl Bitmap #cards 1024 size 144 coarsen threshold 921 Card regions per heap region 1 cards per card region 8192

Heap:
 garbage-first heap   total 0K, used 0K [0x0000000685c00000, 0x0000000800000000)
  region size 4096K, 0 young (0K), 0 survivors (0K)

[error occurred during error reporting (printing heap information), id 0xc0000005, EXCEPTION_ACCESS_VIOLATION (0xc0000005) at pc=0x00007ffea4c81839]

GC Heap History (0 events):
No events

Deoptimization events (0 events):
No events

Classes loaded (0 events):
No events

Classes unloaded (0 events):
No events

Classes redefined (0 events):
No events

Internal exceptions (0 events):
No events

VM Operations (0 events):
No events

Events (1 events):
Event: 0.009 Loaded shared library C:\Program Files\Java\jdk-18.0.2.1\bin\java.dll


Dynamic libraries:
0x00007ff6b6980000 - 0x00007ff6b6990000 	C:\Program Files\Java\jdk-18.0.2.1\bin\java.exe
0x00007fff7cde0000 - 0x00007fff7d048000 	C:\WINDOWS\SYSTEM32\ntdll.dll
0x00007fff7c0a0000 - 0x00007fff7c169000 	C:\WINDOWS\System32\KERNEL32.DLL
0x00007fff7a250000 - 0x00007fff7a642000 	C:\WINDOWS\System32\KERNELBASE.dll
0x00007fff7a100000 - 0x00007fff7a24b000 	C:\WINDOWS\System32\ucrtbase.dll
0x00007fff59770000 - 0x00007fff59788000 	C:\Program Files\Java\jdk-18.0.2.1\bin\jli.dll
0x00007fff73810000 - 0x00007fff7382a000 	C:\Program Files\Java\jdk-18.0.2.1\bin\VCRUNTIME140.dll
0x00007fff7bfe0000 - 0x00007fff7c094000 	C:\WINDOWS\System32\ADVAPI32.dll
0x00007fff7c600000 - 0x00007fff7c6a9000 	C:\WINDOWS\System32\msvcrt.dll
0x00007fff7c6b0000 - 0x00007fff7c756000 	C:\WINDOWS\System32\sechost.dll
0x00007fff7b5f0000 - 0x00007fff7b708000 	C:\WINDOWS\System32\RPCRT4.dll
0x00007fff7cae0000 - 0x00007fff7cca5000 	C:\WINDOWS\System32\USER32.dll
0x00007fff60340000 - 0x00007fff605d3000 	C:\WINDOWS\WinSxS\amd64_microsoft.windows.common-controls_6595b64144ccf1df_6.0.26100.6899_none_3e0efeeae32e88c1\COMCTL32.dll
0x00007fff7a010000 - 0x00007fff7a037000 	C:\WINDOWS\System32\win32u.dll
0x00007fff7b830000 - 0x00007fff7b85b000 	C:\WINDOWS\System32\GDI32.dll
0x00007fff7aa80000 - 0x00007fff7abad000 	C:\WINDOWS\System32\gdi32full.dll
0x00007fff7a9d0000 - 0x00007fff7aa73000 	C:\WINDOWS\System32\msvcp_win.dll
0x00007fff68ef0000 - 0x00007fff68efb000 	C:\WINDOWS\SYSTEM32\VERSION.dll
0x00007fff7ccb0000 - 0x00007fff7ccdf000 	C:\WINDOWS\System32\IMM32.DLL
0x00007fff73840000 - 0x00007fff7384c000 	C:\Program Files\Java\jdk-18.0.2.1\bin\vcruntime140_1.dll
0x00007fff596d0000 - 0x00007fff5975d000 	C:\Program Files\Java\jdk-18.0.2.1\bin\msvcp140.dll
0x00007ffea4590000 - 0x00007ffea51a1000 	C:\Program Files\Java\jdk-18.0.2.1\bin\server\jvm.dll
0x00007fff7c2e0000 - 0x00007fff7c2e8000 	C:\WINDOWS\System32\PSAPI.DLL
0x00007fff43a40000 - 0x00007fff43a4a000 	C:\WINDOWS\SYSTEM32\WSOCK32.dll
0x00007fff6e520000 - 0x00007fff6e555000 	C:\WINDOWS\SYSTEM32\WINMM.dll
0x00007fff7b370000 - 0x00007fff7b3e4000 	C:\WINDOWS\System32\WS2_32.dll
0x00007fff78e60000 - 0x00007fff78e7b000 	C:\WINDOWS\SYSTEM32\kernel.appcore.dll
0x00007fff70fe0000 - 0x00007fff70fea000 	C:\Program Files\Java\jdk-18.0.2.1\bin\jimage.dll
0x00007fff77640000 - 0x00007fff77882000 	C:\WINDOWS\SYSTEM32\DBGHELP.DLL
0x00007fff7c760000 - 0x00007fff7cadb000 	C:\WINDOWS\System32\combase.dll
0x00007fff7c170000 - 0x00007fff7c247000 	C:\WINDOWS\System32\OLEAUT32.dll
0x00007fff5bb40000 - 0x00007fff5bb7c000 	C:\WINDOWS\SYSTEM32\dbgcore.DLL
0x00007fff79f70000 - 0x00007fff7a008000 	C:\WINDOWS\System32\bcryptPrimitives.dll
0x00007fff5b850000 - 0x00007fff5b875000 	C:\Program Files\Java\jdk-18.0.2.1\bin\java.dll

dbghelp: loaded successfully - version: 4.0.5 - missing functions: none
symbol engine: initialized successfully - sym options: 0x614 - pdb path: .;C:\Program Files\Java\jdk-18.0.2.1\bin;C:\WINDOWS\SYSTEM32;C:\WINDOWS\WinSxS\amd64_microsoft.windows.common-controls_6595b64144ccf1df_6.0.26100.6899_none_3e0efeeae32e88c1;C:\Program Files\Java\jdk-18.0.2.1\bin\server

VM Arguments:
java_command: C:\Users\Junior\AppData\Local\Temp\surefire6486912124435247524\surefirebooter-20251026124133545_3.jar C:\Users\Junior\AppData\Local\Temp\surefire6486912124435247524 2025-10-26T12-41-33_282-jvmRun1 surefire-20251026124133545_1tmp surefire_0-20251026124133545_2tmp
java_class_path (initial): C:\Users\Junior\AppData\Local\Temp\surefire6486912124435247524\surefirebooter-20251026124133545_3.jar
Launcher Type: SUN_STANDARD

[Global flags]
     intx CICompilerCount                          = 4                                         {product} {ergonomic}
     uint ConcGCThreads                            = 3                                         {product} {ergonomic}
     uint G1ConcRefinementThreads                  = 10                                        {product} {ergonomic}
   size_t G1HeapRegionSize                         = 4194304                                   {product} {ergonomic}
    uintx GCDrainStackTargetSize                   = 64                                        {product} {ergonomic}
   size_t InitialHeapSize                          = 398458880                                 {product} {ergonomic}
   size_t MarkStackSize                            = 4194304                                   {product} {ergonomic}
   size_t MaxHeapSize                              = 6345981952                                {product} {ergonomic}
   size_t MinHeapDeltaBytes                        = 4194304                                   {product} {ergonomic}
   size_t MinHeapSize                              = 8388608                                   {product} {ergonomic}
    uintx NonNMethodCodeHeapSize                   = 5839372                                {pd product} {ergonomic}
    uintx NonProfiledCodeHeapSize                  = 122909434                              {pd product} {ergonomic}
    uintx ProfiledCodeHeapSize                     = 122909434                              {pd product} {ergonomic}
    uintx ReservedCodeCacheSize                    = 251658240                              {pd product} {ergonomic}
     bool SegmentedCodeCache                       = true                                      {product} {ergonomic}
   size_t SoftMaxHeapSize                          = 6345981952                             {manageable} {ergonomic}
     bool UseCompressedClassPointers               = true                           {product lp64_product} {ergonomic}
     bool UseCompressedOops                        = true                           {product lp64_product} {ergonomic}
     bool UseG1GC                                  = true                                      {product} {ergonomic}
     bool UseLargePagesIndividualAllocation        = false                                  {pd product} {ergonomic}

Logging:
Log output configuration:
 #0: stdout all=warning uptime,level,tags foldmultilines=false
 #1: stderr all=off uptime,level,tags foldmultilines=false

Environment Variables:
JAVA_HOME=C:\\Program Files\\Java\\jdk-18.0.2.1
CLASSPATH=C:\LINGO64_21\Lingo21.jar
PATH=C:\\Program Files\\Java\\jdk-18.0.2.1\\bin;C:\\Users\\Junior\\.trae\\tools\\maven\\latest\\bin;C:\\Users\\Junior\\.trae\\tools\\gradle\\latest\\bin;c:\\Users\\Junior\\.trae\\sdks\\workspaces\\d5249447\\versions\\node\\current;c:\\Users\\Junior\\.trae\\sdks\\versions\\node\\current;C:\Program Files\Java\jdk-18.0.2.1\bin;C:\Users\Junior\.trae\tools\maven\latest\bin;C:\Users\Junior\.trae\tools\gradle\latest\bin;c:\Users\Junior\.trae\sdks\workspaces\d5249447\versions\node\current;c:\Users\Junior\.trae\sdks\versions\node\current;C:\Python313\Scripts\;C:\Python313\;c:\Users\Junior\AppData\Local\Programs\cursor\resources\app\bin;C:\ProgramData\Oracle\Java\javapath;C:\Program Files\Common Files\Oracle\Java\javapath;C:\Program Files (x86)\Common Files\Oracle\Java\javapath;C:\Windows\system32;C:\Windows;C:\Windows\System32\Wbem;C:\Windows\System32\WindowsPowerShell\v1.0\;C:\Windows\System32\OpenSSH\;C:\Program Files (x86)\NVIDIA Corporation\PhysX\Common;C:\Program Files\NVIDIA Corporation\NVIDIA NvDLISR;C:\WINDOWS\system32;C:\WINDOWS;C:\WINDOWS\System32\Wbem;C:\WINDOWS\System32\WindowsPowerShell\v1.0\;C:\WINDOWS\System32\OpenSSH\;C:\Program Files (x86)\Microsoft SQL Server\160\Tools\Binn\;C:\Program Files\Microsoft SQL Server\160\Tools\Binn\;C:\Program Files\Microsoft SQL Server\Client SDK\ODBC\170\Tools\Binn\;C:\Program Files\Microsoft SQL Server\160\DTS\Binn\;C:\Program Files (x86)\Microsoft SQL Server\160\DTS\Binn\;C:\Program Files\Azure Data Studio\bin;C:\ProgramData\chocolatey\bin;C:\Users\Junior\AppData\Local\Programs\P;C:\wamp64\bin\php\php8.0.26;C:\ProgramData\ComposerSetup\bin;C:\Program Files\Git\cmd;C:\Users\Junior\Documents\WorkSpace\apache-maven-3.9.9\bin;;C:\WINDOWS\system32;C:\WINDOWS;C:\WINDOWS\System32\Wbem;C:\WINDOWS\System32\WindowsPowerShell\v1.0\;C:\WINDOWS\System32\OpenSSH\;C:\LINGO64_21\;C:\Program Files\PuTTY\;C:\Program Files\nodejs\;C:\Program Files\Microsoft SQL Server\150\Tools\Binn\;c:\Users\Junior\AppData\Local\Programs\Trae\bin;C:\Users\Junior\AppData\Local\Programs\Python\Launcher\;C:\Users\Junior\AppData\Local\Microsoft\WindowsApps;C:\Users\Junior\AppData\Local\Programs\Microsoft VS Code\bin;C:\Program Files\Azure Data Studio\bin;C:\Users\junior\AppData\Local\Packages\PythonSoftwareFoundation.Python.3.12_qbz5n2kfra8p0\LocalCache\local-packages\Python312\Scripts;C:\Users\Junior\AppData\Local\Packages\PythonSoftwareFoundation.Python.3.12_qbz5n2kfra8p0\LocalCache\local-packages\Python312\Scripts;C:\Users\Junior\Documents\fgttt\ffmpeg-7.0;C:\Users\Junior\AppData\Local\GitHubDesktop\bin;C:\Users\Junior\AppData\Roaming\Composer\vendor\bin;C:\Users\Junior\AppData\Local\Programs\cursor\resources\app\bin;C:\Users\Junior\AppData\Local\Microsoft\WinGet\Packages\Gyan.FFmpeg_Microsoft.Winget.Source_8wekyb3d8bbwe\ffmpeg-7.1.1-full_build\bin;C:\Users\Junior\AppData\Local\Microsoft\WinGet\Packages\yt-dlp.yt-dlp_Microsoft.Winget.Source_8wekyb3d8bbwe;C:\Users\Junior\AppData\Roaming\npm;C:\Users\Junior\.lmstudio\bin
USERNAME=BERLIN
LANG=en_US.UTF-8
OS=Windows_NT
PROCESSOR_IDENTIFIER=Intel64 Family 6 Model 154 Stepping 3, GenuineIntel



---------------  S Y S T E M  ---------------

OS:
 Windows 11 , 64 bit Build 26100 (10.0.26100.6725)
OS uptime: 0 days 2:53 hours
Hyper-V role detected

CPU: total 12 (initial active 12) (6 cores per cpu, 2 threads per core) family 6 model 154 stepping 3 microcode 0x41c, cx8, cmov, fxsr, ht, mmx, 3dnowpref, sse, sse2, sse3, ssse3, sse4.1, sse4.2, popcnt, lzcnt, tsc, tscinvbit, avx, avx2, aes, erms, clmul, bmi1, bmi2, adx, sha, fma, vzeroupper, clflush, clflushopt, clwb, hv, serialize

Memory: 4k page, system-wide physical 24198M (4429M free)
TotalPageFile size 30630M (AvailPageFile size 257M)
current process WorkingSet (physical memory assigned to process): 13M, peak: 13M
current process commit charge ("private bytes"): 64M, peak: 444M

vm_info: Java HotSpot(TM) 64-Bit Server VM (18.0.2.1+1-1) for windows-amd64 JRE (18.0.2.1+1-1), built on Aug 16 2022 01:46:33 by "mach5one" with MS VC++ 16.8 / 16.9 (VS2019)

END.
